// Jest Snapshot v1, https://goo.gl/fbAQLP

exports[`Contracts component should match snapshot 1`] = `
"<div class=\\"container\\">
  <div class=\\"mx-auto my-12 v-card v-sheet theme--light\\" style=\\"max-width: 500px;\\">
    <div class=\\"v-card__title\\"><a href=\\"https://kovan.etherscan.io/address/0xc20C4CaeAAb00cB88C78A93E7Fc14E3fC31E6cad\\">USDETH-Linear-210701</a></div>
    <div class=\\"v-card__subtitle\\">Linear Payout Contract</div>
    <div class=\\"v-card__text\\">
      <div tabindex=\\"-1\\" class=\\"v-list-item theme--light\\">
        <div class=\\"v-list-item__title\\"> Expiration Time</div>
        <div class=\\"v-list-item__subtitle\\">7/1/2021, 12:00:00 PM</div>
      </div>
      <div tabindex=\\"-1\\" class=\\"v-list-item theme--light\\">
        <div class=\\"v-list-item__title\\"> Collateral</div>
        <div class=\\"v-list-item__subtitle\\"><a href=\\"https://kovan.etherscan.io/address/0xd0a1e359811322d97991e03f863a0c30c2cf029c\\">WETH</a></div>
      </div>
      <div tabindex=\\"-1\\" class=\\"v-list-item theme--light\\">
        <div class=\\"v-list-item__title\\"> Collateral Per Pair</div>
        <div class=\\"v-list-item__subtitle\\">1
        </div>
      </div>
      <div tabindex=\\"-1\\" class=\\"v-list-item theme--light\\">
        <div class=\\"v-list-item__title\\"> Price Feed</div>
        <div class=\\"v-list-item__subtitle\\"><a href=\\"https://github.com/UMAprotocol/UMIPs/blob/master/UMIPs/umip-6.md\\">USDETH</a></div>
      </div>
      <div tabindex=\\"-1\\" class=\\"v-list-item theme--light\\">
        <div class=\\"v-list-item__title\\">Upper Bound</div>
        <div class=\\"v-list-item__subtitle\\">4000</div>
      </div>
      <div tabindex=\\"-1\\" class=\\"v-list-item theme--light\\">
        <div class=\\"v-list-item__title\\">Lower Bound</div>
        <div class=\\"v-list-item__subtitle\\">1000</div>
      </div>
    </div>
  </div>
</div>"
`;
